// Jest Snapshot v1, https://goo.gl/fbAQLP

exports[`find cross chain1 is longer than chain2 should return the cross node: 1>2 1`] = `
LNode {
  "data": 0,
  "next": LNode {
    "data": 5,
    "next": LNode {
      "data": 6,
      "next": LNode {
        "data": 7,
        "next": null,
      },
    },
  },
}
`;

exports[`find cross chain2 is longer than chain1 should return the cross node: 2>1 1`] = `
LNode {
  "data": 0,
  "next": LNode {
    "data": 5,
    "next": LNode {
      "data": 6,
      "next": LNode {
        "data": 7,
        "next": null,
      },
    },
  },
}
`;
