// Jest Snapshot v1, https://goo.gl/fbAQLP

exports[`near Reverse normal chain should return as expected 1`] = `
LNode {
  "data": 0,
  "next": LNode {
    "data": 2,
    "next": LNode {
      "data": 1,
      "next": LNode {
        "data": 4,
        "next": LNode {
          "data": 3,
          "next": LNode {
            "data": 6,
            "next": LNode {
              "data": 5,
              "next": LNode {
                "data": 7,
                "next": null,
              },
            },
          },
        },
      },
    },
  },
}
`;
