// Jest Snapshot v1, https://goo.gl/fbAQLP

exports[`find nearest  parent should find the parent 1`] = `
BTree {
  "data": 2,
  "lChild": BTree {
    "data": 1,
    "lChild": null,
    "rChild": null,
  },
  "rChild": BTree {
    "data": 3,
    "lChild": null,
    "rChild": BTree {
      "data": 4,
      "lChild": null,
      "rChild": null,
    },
  },
}
`;
