// Jest Snapshot v1, https://goo.gl/fbAQLP

exports[`flatten should return [3,6,8,11,15,21,22,30,31,39,40,45,50] 1`] = `
LNode {
  "data": 3,
  "down": LNode {
    "data": 6,
    "down": LNode {
      "data": 8,
      "down": LNode {
        "data": 11,
        "down": LNode {
          "data": 15,
          "down": LNode {
            "data": 21,
            "down": LNode {
              "data": 22,
              "down": LNode {
                "data": 30,
                "down": LNode {
                  "data": 31,
                  "down": LNode {
                    "data": 39,
                    "down": LNode {
                      "data": 40,
                      "down": LNode {
                        "data": 50,
                        "down": LNode {
                          "data": 55,
                          "down": null,
                          "right": null,
                        },
                        "right": null,
                      },
                      "right": null,
                    },
                    "right": null,
                  },
                  "right": null,
                },
                "right": null,
              },
              "right": null,
            },
            "right": null,
          },
          "right": LNode {
            "data": 30,
            "down": LNode {
              "data": 31,
              "down": LNode {
                "data": 39,
                "down": LNode {
                  "data": 40,
                  "down": LNode {
                    "data": 50,
                    "down": LNode {
                      "data": 55,
                      "down": null,
                      "right": null,
                    },
                    "right": null,
                  },
                  "right": null,
                },
                "right": null,
              },
              "right": null,
            },
            "right": null,
          },
        },
        "right": LNode {
          "data": 15,
          "down": LNode {
            "data": 21,
            "down": LNode {
              "data": 22,
              "down": LNode {
                "data": 30,
                "down": LNode {
                  "data": 31,
                  "down": LNode {
                    "data": 39,
                    "down": LNode {
                      "data": 40,
                      "down": LNode {
                        "data": 50,
                        "down": LNode {
                          "data": 55,
                          "down": null,
                          "right": null,
                        },
                        "right": null,
                      },
                      "right": null,
                    },
                    "right": null,
                  },
                  "right": null,
                },
                "right": null,
              },
              "right": null,
            },
            "right": null,
          },
          "right": LNode {
            "data": 30,
            "down": LNode {
              "data": 31,
              "down": LNode {
                "data": 39,
                "down": LNode {
                  "data": 40,
                  "down": LNode {
                    "data": 50,
                    "down": LNode {
                      "data": 55,
                      "down": null,
                      "right": null,
                    },
                    "right": null,
                  },
                  "right": null,
                },
                "right": null,
              },
              "right": null,
            },
            "right": null,
          },
        },
      },
      "right": null,
    },
    "right": null,
  },
  "right": LNode {
    "data": 11,
    "down": LNode {
      "data": 15,
      "down": LNode {
        "data": 21,
        "down": LNode {
          "data": 22,
          "down": LNode {
            "data": 30,
            "down": LNode {
              "data": 31,
              "down": LNode {
                "data": 39,
                "down": LNode {
                  "data": 40,
                  "down": LNode {
                    "data": 50,
                    "down": LNode {
                      "data": 55,
                      "down": null,
                      "right": null,
                    },
                    "right": null,
                  },
                  "right": null,
                },
                "right": null,
              },
              "right": null,
            },
            "right": null,
          },
          "right": null,
        },
        "right": null,
      },
      "right": LNode {
        "data": 30,
        "down": LNode {
          "data": 31,
          "down": LNode {
            "data": 39,
            "down": LNode {
              "data": 40,
              "down": LNode {
                "data": 50,
                "down": LNode {
                  "data": 55,
                  "down": null,
                  "right": null,
                },
                "right": null,
              },
              "right": null,
            },
            "right": null,
          },
          "right": null,
        },
        "right": null,
      },
    },
    "right": LNode {
      "data": 15,
      "down": LNode {
        "data": 21,
        "down": LNode {
          "data": 22,
          "down": LNode {
            "data": 30,
            "down": LNode {
              "data": 31,
              "down": LNode {
                "data": 39,
                "down": LNode {
                  "data": 40,
                  "down": LNode {
                    "data": 50,
                    "down": LNode {
                      "data": 55,
                      "down": null,
                      "right": null,
                    },
                    "right": null,
                  },
                  "right": null,
                },
                "right": null,
              },
              "right": null,
            },
            "right": null,
          },
          "right": null,
        },
        "right": null,
      },
      "right": LNode {
        "data": 30,
        "down": LNode {
          "data": 31,
          "down": LNode {
            "data": 39,
            "down": LNode {
              "data": 40,
              "down": LNode {
                "data": 50,
                "down": LNode {
                  "data": 55,
                  "down": null,
                  "right": null,
                },
                "right": null,
              },
              "right": null,
            },
            "right": null,
          },
          "right": null,
        },
        "right": null,
      },
    },
  },
}
`;
