// Jest Snapshot v1, https://goo.gl/fbAQLP

exports[`reverse stack is not empty should reverse the stack 1`] = `
Stack {
  "pHead": LNode {
    "data": null,
    "next": LNode {
      "data": 1,
      "next": LNode {
        "data": 2,
        "next": LNode {
          "data": 3,
          "next": LNode {
            "data": 4,
            "next": LNode {
              "data": 5,
              "next": null,
            },
          },
        },
      },
    },
  },
}
`;
