// Jest Snapshot v1, https://goo.gl/fbAQLP

exports[`simulate queue queue with data [1,2,3,4] queue function 1`] = `
Queue {
  "a": Stack {
    "pHead": LNode {
      "data": null,
      "next": LNode {
        "data": 2,
        "next": LNode {
          "data": 1,
          "next": null,
        },
      },
    },
  },
  "b": Stack {
    "pHead": LNode {
      "data": null,
      "next": null,
    },
  },
}
`;
