// Jest Snapshot v1, https://goo.gl/fbAQLP

exports[`reverse normal chain should reverse chain: hash set 1`] = `
LNode {
  "data": 0,
  "next": LNode {
    "data": 7,
    "next": LNode {
      "data": 6,
      "next": LNode {
        "data": 5,
        "next": LNode {
          "data": 4,
          "next": LNode {
            "data": 3,
            "next": LNode {
              "data": 2,
              "next": LNode {
                "data": 1,
                "next": null,
              },
            },
          },
        },
      },
    },
  },
}
`;

exports[`reverse normal chain should reverse chain: insert 1`] = `
LNode {
  "data": 0,
  "next": LNode {
    "data": 7,
    "next": LNode {
      "data": 6,
      "next": LNode {
        "data": 5,
        "next": LNode {
          "data": 4,
          "next": LNode {
            "data": 3,
            "next": LNode {
              "data": 2,
              "next": LNode {
                "data": 1,
                "next": null,
              },
            },
          },
        },
      },
    },
  },
}
`;

exports[`reverse normal chain should reverse chain: inverse function 1`] = `
LNode {
  "data": 0,
  "next": LNode {
    "data": 7,
    "next": LNode {
      "data": 6,
      "next": LNode {
        "data": 5,
        "next": LNode {
          "data": 4,
          "next": LNode {
            "data": 3,
            "next": LNode {
              "data": 2,
              "next": LNode {
                "data": 1,
                "next": null,
              },
            },
          },
        },
      },
    },
  },
}
`;

exports[`reverse normal chain should reverse chain: normal 1`] = `
LNode {
  "data": 0,
  "next": LNode {
    "data": 7,
    "next": LNode {
      "data": 6,
      "next": LNode {
        "data": 5,
        "next": LNode {
          "data": 4,
          "next": LNode {
            "data": 3,
            "next": LNode {
              "data": 2,
              "next": LNode {
                "data": 1,
                "next": null,
              },
            },
          },
        },
      },
    },
  },
}
`;
