// Jest Snapshot v1, https://goo.gl/fbAQLP

exports[`check_circles findEntrance should return rntrance node 1`] = `
LNode {
  "data": 3,
  "next": LNode {
    "data": 4,
    "next": LNode {
      "data": 5,
      "next": LNode {
        "data": 6,
        "next": LNode {
          "data": 7,
          "next": [Circular],
        },
      },
    },
  },
}
`;

exports[`check_circles findMeet the chain has loop should return the meet point 1`] = `
LNode {
  "data": 6,
  "next": LNode {
    "data": 7,
    "next": LNode {
      "data": 3,
      "next": LNode {
        "data": 4,
        "next": LNode {
          "data": 5,
          "next": [Circular],
        },
      },
    },
  },
}
`;
