// Jest Snapshot v1, https://goo.gl/fbAQLP

exports[`add tow linked lists should return [2, 3, 3, 3, 3, 9] 1`] = `
LNode {
  "data": 0,
  "next": LNode {
    "data": 2,
    "next": LNode {
      "data": 3,
      "next": LNode {
        "data": 3,
        "next": LNode {
          "data": 3,
          "next": LNode {
            "data": 3,
            "next": LNode {
              "data": 9,
              "next": null,
            },
          },
        },
      },
    },
  },
}
`;
